this is from the linux box asdaa
